Script started on 2026-08-26 18:21:52-03:00 [COMMAND="'/usr/local/emhttp/plugins/compose.manager/scripts/compose.sh' '-cupdate' '-pradio-coverage-map' '-f/mnt/utility/Junkbox/composefiles/radio-coverage-map/docker-compose.yml' '-s/mnt/utility/Junkbox/composefiles/radio-coverage-map'" TERM="xterm-256color" TTY="/dev/pts/1" COLUMNS="139" LINES="43"]
Pulling latest images...
[33mWARN[0m[0000] /mnt/utility/Junkbox/composefiles/radio-coverage-map/docker-compose.yml: the attribute `version` is obsolete, it will be ignored, please remove it to avoid potential confusion 
[?25l[0G[+] pull 1/1
 [32m✔[0m radioscope [32mSkipped[0m No image to be pulled                                                                                            [34m0.0s[0m
[?25h
Recreating containers...
[33mWARN[0m[0000] /mnt/utility/Junkbox/composefiles/radio-coverage-map/docker-compose.yml: the attribute `version` is obsolete, it will be ignored, please remove it to avoid potential confusion 
[1A[1B[0G[?25l[+] Building 0.0s (0/1)                                                                                                                    
 => [internal] load local bake definitions                                                                                            0.0s
[?25h[1A[1A[0G[?25l[+] Building 0.2s (2/3)                                                                                                                          
[34m => [internal] load local bake definitions                                                                                                  0.0s
[0m[34m => => reading from stdin 594B                                                                                                              0.0s
[0m[34m => [internal] load build definition from Dockerfile                                                                                        0.0s
[0m[34m => => transferring dockerfile: 1.06kB                                                                                                      0.0s
[0m => WARN: FromAsCasing: 'as' and 'FROM' keywords' casing do not match (line 2)                                                              0.0s
 => [internal] load metadata for docker.io/library/python:3.11-slim                                                                         0.2s
[?25h[1A[1A[1A[1A[1A[1A[1A[0G[?25l[+] Building 0.4s (3/3)                                                                                                                          
[34m => [internal] load local bake definitions                                                                                                  0.0s
[0m[34m => => reading from stdin 594B                                                                                                              0.0s
[0m[34m => [internal] load build definition from Dockerfile                                                                                        0.0s
[0m[34m => => transferring dockerfile: 1.06kB                                                                                                      0.0s
[0m => WARN: FromAsCasing: 'as' and 'FROM' keywords' casing do not match (line 2)                                                              0.0s
[34m => [internal] load metadata for docker.io/library/python:3.11-slim                                                                         0.3s
[0m[?25h[1A[1A[1A[1A[1A[1A[1A[0G[?25l[+] Building 0.5s (11/13)                                                                                                                        
[34m => [internal] load local bake definitions                                                                                                  0.0s
[0m[34m => => reading from stdin 594B                                                                                                              0.0s
[0m[34m => [internal] load build definition from Dockerfile                                                                                        0.0s
[0m[34m => => transferring dockerfile: 1.06kB                                                                                                      0.0s
[0m => WARN: FromAsCasing: 'as' and 'FROM' keywords' casing do not match (line 2)                                                              0.0s
[34m => [internal] load metadata for docker.io/library/python:3.11-slim                                                                         0.3s
[0m[34m => [internal] load .dockerignore                                                                                                           0.0s
[0m[34m => => transferring context: 250B                                                                                                           0.0s
[0m[34m => [1/8] FROM docker.io/library/python:3.11-slim@sha256:be1575ed968de893bd54f4c56315ff7c4736ce522c1bca08fd521731aafc0d76                   0.0s
[0m[34m => [internal] load build context                                                                                                           0.0s
[0m[34m => => transferring context: 81.56kB                                                                                                        0.0s
[0m[34m => CACHED [2/8] WORKDIR /app                                                                                                               0.0s
[0m[34m => CACHED [3/8] RUN apt-get update && apt-get install -y --no-install-recommends     curl     && rm -rf /var/lib/apt/lists/*               0.0s
[0m[34m => CACHED [4/8] COPY requirements.txt .                                                                                                    0.0s
[0m[34m => CACHED [5/8] RUN pip install --no-cache-dir -r requirements.txt                                                                         0.0s
[0m[34m => [6/8] COPY app/ ./app/                                                                                                                  0.0s
[0m => [7/8] COPY tests/ ./tests/                                                                                                              0.0s
[?25h[1A[1A[1A[1A[1A[1A[1A[1A[1A[1A[1A[1A[1A[1A[1A[1A[1A[1A[0G[?25l[+] Building 0.7s (12/13)                                                                                                                        
[34m => [internal] load local bake definitions                                                                                                  0.0s
[0m[34m => => reading from stdin 594B                                                                                                              0.0s
[0m[34m => [internal] load build definition from Dockerfile                                                                                        0.0s
[0m[34m => => transferring dockerfile: 1.06kB                                                                                                      0.0s
[0m => WARN: FromAsCasing: 'as' and 'FROM' keywords' casing do not match (line 2)                                                              0.0s
[34m => [internal] load metadata for docker.io/library/python:3.11-slim                                                                         0.3s
[0m[34m => [internal] load .dockerignore                                                                                                           0.0s
[0m[34m => => transferring context: 250B                                                                                                           0.0s
[0m[34m => [1/8] FROM docker.io/library/python:3.11-slim@sha256:be1575ed968de893bd54f4c56315ff7c4736ce522c1bca08fd521731aafc0d76                   0.0s
[0m[34m => [internal] load build context                                                                                                           0.0s
[0m[34m => => transferring context: 81.56kB                                                                                                        0.0s
[0m[34m => CACHED [2/8] WORKDIR /app                                                                                                               0.0s
[0m[34m => CACHED [3/8] RUN apt-get update && apt-get install -y --no-install-recommends     curl     && rm -rf /var/lib/apt/lists/*               0.0s
[0m[34m => CACHED [4/8] COPY requirements.txt .                                                                                                    0.0s
[0m[34m => CACHED [5/8] RUN pip install --no-cache-dir -r requirements.txt                                                                         0.0s
[0m[34m => [6/8] COPY app/ ./app/                                                                                                                  0.0s
[0m[34m => [7/8] COPY tests/ ./tests/                                                                                                              0.1s
[0m => [8/8] RUN useradd -m -u 1000 appuser && chown -R appuser:appuser /app                                                                   0.2s
[?25h[1A[1A[1A[1A[1A[1A[1A[1A[1A[1A[1A[1A[1A[1A[1A[1A[1A[1A[1A[0G[?25l[+] Building 0.7s (13/13)                                                                                                                        
[34m => [internal] load local bake definitions                                                                                                  0.0s
[0m[34m => => reading from stdin 594B                                                                                                              0.0s
[0m[34m => [internal] load build definition from Dockerfile                                                                                        0.0s
[0m[34m => => transferring dockerfile: 1.06kB                                                                                                      0.0s
[0m => WARN: FromAsCasing: 'as' and 'FROM' keywords' casing do not match (line 2)                                                              0.0s
[34m => [internal] load metadata for docker.io/library/python:3.11-slim                                                                         0.3s
[0m[34m => [internal] load .dockerignore                                                                                                           0.0s
[0m[34m => => transferring context: 250B                                                                                                           0.0s
[0m[34m => [1/8] FROM docker.io/library/python:3.11-slim@sha256:be1575ed968de893bd54f4c56315ff7c4736ce522c1bca08fd521731aafc0d76                   0.0s
[0m[34m => [internal] load build context                                                                                                           0.0s
[0m[34m => => transferring context: 81.56kB                                                                                                        0.0s
[0m[34m => CACHED [2/8] WORKDIR /app                                                                                                               0.0s
[0m[34m => CACHED [3/8] RUN apt-get update && apt-get install -y --no-install-recommends     curl     && rm -rf /var/lib/apt/lists/*               0.0s
[0m[34m => CACHED [4/8] COPY requirements.txt .                                                                                                    0.0s
[0m[34m => CACHED [5/8] RUN pip install --no-cache-dir -r requirements.txt                                                                         0.0s
[0m[34m => [6/8] COPY app/ ./app/                                                                                                                  0.0s
[0m[34m => [7/8] COPY tests/ ./tests/                                                                                                              0.1s
[0m[34m => [8/8] RUN useradd -m -u 1000 appuser && chown -R appuser:appuser /app                                                                   0.2s
[0m[?25h[1A[1A[1A[1A[1A[1A[1A[1A[1A[1A[1A[1A[1A[1A[1A[1A[1A[1A[1A[0G[?25l[+] Building 0.9s (13/14)                                                                                                                        
[34m => [internal] load local bake definitions                                                                                                  0.0s
[0m[34m => => reading from stdin 594B                                                                                                              0.0s
[0m[34m => [internal] load build definition from Dockerfile                                                                                        0.0s
[0m[34m => => transferring dockerfile: 1.06kB                                                                                                      0.0s
[0m => WARN: FromAsCasing: 'as' and 'FROM' keywords' casing do not match (line 2)                                                              0.0s
[34m => [internal] load metadata for docker.io/library/python:3.11-slim                                                                         0.3s
[0m[34m => [internal] load .dockerignore                                                                                                           0.0s
[0m[34m => => transferring context: 250B                                                                                                           0.0s
[0m[34m => [1/8] FROM docker.io/library/python:3.11-slim@sha256:be1575ed968de893bd54f4c56315ff7c4736ce522c1bca08fd521731aafc0d76                   0.0s
[0m[34m => [internal] load build context                                                                                                           0.0s
[0m[34m => => transferring context: 81.56kB                                                                                                        0.0s
[0m[34m => CACHED [2/8] WORKDIR /app                                                                                                               0.0s
[0m[34m => CACHED [3/8] RUN apt-get update && apt-get install -y --no-install-recommends     curl     && rm -rf /var/lib/apt/lists/*               0.0s
[0m[34m => CACHED [4/8] COPY requirements.txt .                                                                                                    0.0s
[0m[34m => CACHED [5/8] RUN pip install --no-cache-dir -r requirements.txt                                                                         0.0s
[0m[34m => [6/8] COPY app/ ./app/                                                                                                                  0.0s
[0m[34m => [7/8] COPY tests/ ./tests/                                                                                                              0.1s
[0m[34m => [8/8] RUN useradd -m -u 1000 appuser && chown -R appuser:appuser /app                                                                   0.2s
[0m => exporting to image                                                                                                                      0.2s
 => => exporting layers                                                                                                                     0.2s
[?25h[1A[1A[1A[1A[1A[1A[1A[1A[1A[1A[1A[1A[1A[1A[1A[1A[1A[1A[1A[1A[1A[0G[?25l[+] Building 1.1s (13/14)                                                                                                                        
[34m => [internal] load local bake definitions                                                                                                  0.0s
[0m[34m => => reading from stdin 594B                                                                                                              0.0s
[0m[34m => [internal] load build definition from Dockerfile                                                                                        0.0s
[0m[34m => => transferring dockerfile: 1.06kB                                                                                                      0.0s
[0m => WARN: FromAsCasing: 'as' and 'FROM' keywords' casing do not match (line 2)                                                              0.0s
[34m => [internal] load metadata for docker.io/library/python:3.11-slim                                                                         0.3s
[0m[34m => [internal] load .dockerignore                                                                                                           0.0s
[0m[34m => => transferring context: 250B                                                                                                           0.0s
[0m[34m => [1/8] FROM docker.io/library/python:3.11-slim@sha256:be1575ed968de893bd54f4c56315ff7c4736ce522c1bca08fd521731aafc0d76                   0.0s
[0m[34m => [internal] load build context                                                                                                           0.0s
[0m[34m => => transferring context: 81.56kB                                                                                                        0.0s
[0m[34m => CACHED [2/8] WORKDIR /app                                                                                                               0.0s
[0m[34m => CACHED [3/8] RUN apt-get update && apt-get install -y --no-install-recommends     curl     && rm -rf /var/lib/apt/lists/*               0.0s
[0m[34m => CACHED [4/8] COPY requirements.txt .                                                                                                    0.0s
[0m[34m => CACHED [5/8] RUN pip install --no-cache-dir -r requirements.txt                                                                         0.0s
[0m[34m => [6/8] COPY app/ ./app/                                                                                                                  0.0s
[0m[34m => [7/8] COPY tests/ ./tests/                                                                                                              0.1s
[0m[34m => [8/8] RUN useradd -m -u 1000 appuser && chown -R appuser:appuser /app                                                                   0.2s
[0m => exporting to image                                                                                                                      0.3s
 => => exporting layers                                                                                                                     0.3s
[?25h[1A[1A[1A[1A[1A[1A[1A[1A[1A[1A[1A[1A[1A[1A[1A[1A[1A[1A[1A[1A[1A[0G[?25l[+] Building 1.1s (13/14)                                                                                                                        
[34m => [internal] load local bake definitions                                                                                                  0.0s
[0m[34m => => reading from stdin 594B                                                                                                              0.0s
[0m[34m => [internal] load build definition from Dockerfile                                                                                        0.0s
[0m[34m => => transferring dockerfile: 1.06kB                                                                                                      0.0s
[0m => WARN: FromAsCasing: 'as' and 'FROM' keywords' casing do not match (line 2)                                                              0.0s
[34m => [internal] load metadata for docker.io/library/python:3.11-slim                                                                         0.3s
[0m[34m => [internal] load .dockerignore                                                                                                           0.0s
[0m[34m => => transferring context: 250B                                                                                                           0.0s
[0m[34m => [1/8] FROM docker.io/library/python:3.11-slim@sha256:be1575ed968de893bd54f4c56315ff7c4736ce522c1bca08fd521731aafc0d76                   0.0s
[0m[34m => [internal] load build context                                                                                                           0.0s
[0m[34m => => transferring context: 81.56kB                                                                                                        0.0s
[0m[34m => CACHED [2/8] WORKDIR /app                                                                                                               0.0s
[0m[34m => CACHED [3/8] RUN apt-get update && apt-get install -y --no-install-recommends     curl     && rm -rf /var/lib/apt/lists/*               0.0s
[0m[34m => CACHED [4/8] COPY requirements.txt .                                                                                                    0.0s
[0m[34m => CACHED [5/8] RUN pip install --no-cache-dir -r requirements.txt                                                                         0.0s
[0m[34m => [6/8] COPY app/ ./app/                                                                                                                  0.0s
[0m[34m => [7/8] COPY tests/ ./tests/                                                                                                              0.1s
[0m[34m => [8/8] RUN useradd -m -u 1000 appuser && chown -R appuser:appuser /app                                                                   0.2s
[0m => exporting to image                                                                                                                      0.3s
[34m => => exporting layers                                                                                                                     0.3s
[0m[?25h[1A[1A[1A[1A[1A[1A[1A[1A[1A[1A[1A[1A[1A[1A[1A[1A[1A[1A[1A[1A[1A[0G[?25l[+] Building 1.2s (14/15)                                                                                                                        
[34m => [internal] load local bake definitions                                                                                                  0.0s
[0m[34m => => reading from stdin 594B                                                                                                              0.0s
[0m[34m => [internal] load build definition from Dockerfile                                                                                        0.0s
[0m[34m => => transferring dockerfile: 1.06kB                                                                                                      0.0s
[0m => WARN: FromAsCasing: 'as' and 'FROM' keywords' casing do not match (line 2)                                                              0.0s
[34m => [internal] load metadata for docker.io/library/python:3.11-slim                                                                         0.3s
[0m[34m => [internal] load .dockerignore                                                                                                           0.0s
[0m[34m => => transferring context: 250B                                                                                                           0.0s
[0m[34m => [1/8] FROM docker.io/library/python:3.11-slim@sha256:be1575ed968de893bd54f4c56315ff7c4736ce522c1bca08fd521731aafc0d76                   0.0s
[0m[34m => [internal] load build context                                                                                                           0.0s
[0m[34m => => transferring context: 81.56kB                                                                                                        0.0s
[0m[34m => CACHED [2/8] WORKDIR /app                                                                                                               0.0s
[0m[34m => CACHED [3/8] RUN apt-get update && apt-get install -y --no-install-recommends     curl     && rm -rf /var/lib/apt/lists/*               0.0s
[0m[34m => CACHED [4/8] COPY requirements.txt .                                                                                                    0.0s
[0m[34m => CACHED [5/8] RUN pip install --no-cache-dir -r requirements.txt                                                                         0.0s
[0m[34m => [6/8] COPY app/ ./app/                                                                                                                  0.0s
[0m[34m => [7/8] COPY tests/ ./tests/                                                                                                              0.1s
[0m[34m => [8/8] RUN useradd -m -u 1000 appuser && chown -R appuser:appuser /app                                                                   0.2s
[0m[34m => exporting to image                                                                                                                      0.3s
[0m[34m => => exporting layers                                                                                                                     0.3s
[0m[34m => => writing image sha256:b174a971424599a57e4269f9f572faee6b9733e54ee354eb6fd4890126c411c9                                                0.0s
[0m[34m => => naming to docker.io/library/radio-coverage-map-radioscope                                                                            0.0s
[0m => resolving provenance for metadata file                                                                                                  0.0s
[?25h[1A[1A[1A[1A[1A[1A[1A[1A[1A[1A[1A[1A[1A[1A[1A[1A[1A[1A[1A[1A[1A[1A[1A[1A[0G[?25l[+] Building 1.2s (15/15) FINISHED                                                                                                               
[34m => [internal] load local bake definitions                                                                                                  0.0s
[0m[34m => => reading from stdin 594B                                                                                                              0.0s
[0m[34m => [internal] load build definition from Dockerfile                                                                                        0.0s
[0m[34m => => transferring dockerfile: 1.06kB                                                                                                      0.0s
[0m => WARN: FromAsCasing: 'as' and 'FROM' keywords' casing do not match (line 2)                                                              0.0s
[34m => [internal] load metadata for docker.io/library/python:3.11-slim                                                                         0.3s
[0m[34m => [internal] load .dockerignore                                                                                                           0.0s
[0m[34m => => transferring context: 250B                                                                                                           0.0s
[0m[34m => [1/8] FROM docker.io/library/python:3.11-slim@sha256:be1575ed968de893bd54f4c56315ff7c4736ce522c1bca08fd521731aafc0d76                   0.0s
[0m[34m => [internal] load build context                                                                                                           0.0s
[0m[34m => => transferring context: 81.56kB                                                                                                        0.0s
[0m[34m => CACHED [2/8] WORKDIR /app                                                                                                               0.0s
[0m[34m => CACHED [3/8] RUN apt-get update && apt-get install -y --no-install-recommends     curl     && rm -rf /var/lib/apt/lists/*               0.0s
[0m[34m => CACHED [4/8] COPY requirements.txt .                                                                                                    0.0s
[0m[34m => CACHED [5/8] RUN pip install --no-cache-dir -r requirements.txt                                                                         0.0s
[0m[34m => [6/8] COPY app/ ./app/                                                                                                                  0.0s
[0m[34m => [7/8] COPY tests/ ./tests/                                                                                                              0.1s
[0m[34m => [8/8] RUN useradd -m -u 1000 appuser && chown -R appuser:appuser /app                                                                   0.2s
[0m[34m => exporting to image                                                                                                                      0.3s
[0m[34m => => exporting layers                                                                                                                     0.3s
[0m[34m => => writing image sha256:b174a971424599a57e4269f9f572faee6b9733e54ee354eb6fd4890126c411c9                                                0.0s
[0m[34m => => naming to docker.io/library/radio-coverage-map-radioscope                                                                            0.0s
[0m[34m => resolving provenance for metadata file                                                                                                  0.0s
[0m[?25h[?25l[0G[+] up 1/2
 [32m✔[0m Image radio-coverage-map-radioscope [32mBuilt[0m                                                                                                 [34m1.2s[0m
 [33m⠋[0m Container radioscope-app            Recreate                                                                                              [34m0.1s[0m
[?25h[?25l[3A[0G[+] up 1/2
 [32m✔[0m Image radio-coverage-map-radioscope [32mBuilt[0m                                                                                                 [34m1.2s[0m
 [33m⠙[0m Container radioscope-app            Recreate                                                                                              [34m0.2s[0m
[?25h[?25l[3A[0G[+] up 1/2
 [32m✔[0m Image radio-coverage-map-radioscope [32mBuilt[0m                                                                                                 [34m1.2s[0m
 [33m⠹[0m Container radioscope-app            Recreate                                                                                              [34m0.3s[0m
[?25h[?25l[3A[0G[+] up 1/2
 [32m✔[0m Image radio-coverage-map-radioscope [32mBuilt[0m                                                                                                 [34m1.2s[0m
 [33m⠸[0m Container radioscope-app            Recreate                                                                                              [34m0.4s[0m
[?25h[?25l[3A[0G[+] up 1/2
 [32m✔[0m Image radio-coverage-map-radioscope [32mBuilt[0m                                                                                                 [34m1.2s[0m
 [33m⠼[0m Container radioscope-app            Starting                                                                                              [34m0.5s[0m
[?25h[?25l[3A[0G[+] up 2/2
 [32m✔[0m Image radio-coverage-map-radioscope [32mBuilt[0m                                                                                                 [34m1.2s[0m
 [32m✔[0m Container radioscope-app            [32mStarted[0m                                                                                               [34m0.5s[0m
[?25h
Cleaning up old images...
Deleted: sha256:92b2fbfce91223896f8a24aa90b61b060b160cd99a49cf9c36cc046192754d19

✓ Stack radio-coverage-map updated successfully

Script done on 2026-08-26 18:21:54-03:00 [COMMAND_EXIT_CODE="0"]
